Running Gradle task 'assembleDebug'...                          
[=========                              ] 25%                                   
[=========                              ] 25% Fetch remote repository...        
[=======================================] 100% Fetch remote repository...       

[=========                              ] 25%                                   
[=========                              ] 25% Fetch remote repository...        
[=======================================] 100% Fetch remote repository...       

[=========                              ] 25%                                   
[=========                              ] 25% Fetch remote repository...        
[=======================================] 100% Fetch remote repository...       

Running Gradle task 'assembleDebug'...                              6.5s
